\BOOKMARK [1][]{section.2}{\376\377\000I\000n\000t\000r\000o\000d\000u\000c\000t\000i\000o\000n}{}% 1
\BOOKMARK [1][]{section.4}{\376\377\000R\000e\000l\000a\000t\000e\000d\000\040\000W\000o\000r\000k}{}% 2
\BOOKMARK [2][]{subsection.5}{\376\377\000D\000e\000s\000i\000g\000n\000\040\000P\000a\000t\000t\000e\000r\000n\000s\000\040\000o\000f\000\040\000C\000o\000m\000p\000o\000s\000i\000t\000e\000\040\000V\000i\000s\000u\000a\000l\000i\000z\000a\000t\000i\000o\000n}{section.4}% 3
\BOOKMARK [2][]{subsection.6}{\376\377\000L\000i\000b\000r\000a\000r\000i\000e\000s\000\040\000a\000n\000d\000\040\000G\000r\000a\000m\000m\000a\000r\000s\000\040\000f\000o\000r\000\040\000C\000o\000m\000p\000o\000s\000i\000t\000e\000\040\000V\000i\000s\000u\000a\000l\000i\000z\000a\000t\000i\000o\000n}{section.4}% 4
\BOOKMARK [2][]{subsection.7}{\376\377\000I\000n\000t\000e\000r\000a\000c\000t\000i\000v\000e\000\040\000V\000i\000s\000u\000a\000l\000i\000z\000a\000t\000i\000o\000n\000\040\000D\000e\000s\000i\000g\000n\000\040\000T\000o\000o\000l\000s}{section.4}% 5
\BOOKMARK [1][]{section.8}{\376\377\000A\000u\000t\000h\000o\000r\000i\000n\000g\000-\000O\000r\000i\000e\000n\000t\000e\000d\000\040\000D\000e\000s\000i\000g\000n\000\040\000S\000p\000a\000c\000e}{}% 6
\BOOKMARK [2][]{subsection.9}{\376\377\000F\000r\000o\000m\000\040\000D\000e\000s\000c\000r\000i\000p\000t\000i\000v\000e\000\040\000t\000o\000\040\000A\000u\000t\000h\000o\000r\000i\000n\000g\000-\000O\000r\000i\000e\000n\000t\000e\000d}{section.8}% 7
\BOOKMARK [2][]{subsection.10}{\376\377\000E\000x\000p\000e\000r\000t\000\040\000S\000t\000u\000d\000y\000\040\000o\000f\000\040\000C\000o\000m\000p\000o\000s\000a\000b\000l\000e\000\040\000C\000h\000a\000r\000t\000\040\000B\000l\000o\000c\000k\000s}{section.8}% 8
\BOOKMARK [2][]{subsection.11}{\376\377\000D\000i\000m\000e\000n\000s\000i\000o\000n\000-\000A\000w\000a\000r\000e\000\040\000C\000o\000m\000p\000o\000s\000i\000t\000i\000o\000n}{section.8}% 9
\BOOKMARK [2][]{subsection.12}{\376\377\000E\000x\000t\000e\000n\000d\000i\000n\000g\000\040\000C\000o\000m\000p\000o\000s\000i\000t\000i\000o\000n\000\040\000A\000c\000r\000o\000s\000s\000\040\000C\000o\000o\000r\000d\000i\000n\000a\000t\000e\000\040\000S\000y\000s\000t\000e\000m\000s}{section.8}% 10
\BOOKMARK [1][]{section.14}{\376\377\000D\000e\000s\000i\000g\000n\000\040\000R\000a\000t\000i\000o\000n\000a\000l\000e}{}% 11
\BOOKMARK [2][]{subsection.15}{\376\377\000L\000a\000y\000o\000u\000t\000\040\000a\000s\000\040\000a\000\040\000R\000e\000f\000e\000r\000e\000n\000c\000e\000\040\000f\000o\000r\000\040\000C\000o\000m\000p\000o\000s\000i\000t\000i\000o\000n}{section.14}% 12
\BOOKMARK [2][]{subsection.16}{\376\377\000C\000o\000m\000p\000a\000t\000i\000b\000i\000l\000i\000t\000y\000\040\000a\000n\000d\000\040\000A\000l\000t\000e\000r\000n\000a\000t\000i\000v\000e\000\040\000R\000e\000c\000o\000m\000m\000e\000n\000d\000a\000t\000i\000o\000n}{section.14}% 13
\BOOKMARK [1][]{section.18}{\376\377\000C\000o\000m\000p\000o\000V\000i\000s\000o\000r}{}% 14
\BOOKMARK [2][]{subsection.19}{\376\377\000I\000n\000t\000e\000r\000a\000c\000t\000i\000o\000n\000\040\000o\000f\000\040\000C\000o\000m\000p\000o\000s\000i\000t\000i\000o\000n}{section.18}% 15
\BOOKMARK [2][]{subsection.21}{\376\377\000C\000o\000m\000p\000a\000t\000i\000b\000i\000l\000i\000t\000y\000\040\000E\000n\000g\000i\000n\000e}{section.18}% 16
\BOOKMARK [3][-]{subsubsection.22}{\376\377\000D\000a\000t\000a\000\040\000C\000o\000n\000t\000r\000a\000c\000t}{subsection.21}% 17
\BOOKMARK [3][-]{subsubsection.24}{\376\377\000C\000o\000n\000t\000r\000a\000c\000t\000\040\000V\000a\000l\000i\000d\000a\000t\000i\000o\000n\000\040\000a\000n\000d\000\040\000R\000e\000p\000a\000i\000r}{subsection.21}% 18
\BOOKMARK [2][]{subsection.26}{\376\377\000I\000n\000t\000e\000r\000f\000a\000c\000e}{section.18}% 19
\BOOKMARK [1][]{section.27}{\376\377\000U\000s\000e\000r\000\040\000S\000t\000u\000d\000y}{}% 20
\BOOKMARK [2][]{subsection.28}{\376\377\000S\000t\000u\000d\000y\000\040\000S\000e\000t\000t\000i\000n\000g}{section.27}% 21
\BOOKMARK [2][]{subsection.29}{\376\377\000Q\000u\000a\000n\000t\000i\000t\000a\000t\000i\000v\000e\000\040\000R\000e\000s\000u\000l\000t\000s}{section.27}% 22
\BOOKMARK [2][]{subsection.30}{\376\377\000Q\000u\000a\000l\000i\000t\000a\000t\000i\000v\000e\000\040\000R\000e\000s\000u\000l\000t\000s}{section.27}% 23
\BOOKMARK [1][]{section.31}{\376\377\000D\000i\000s\000c\000u\000s\000s\000i\000o\000n}{}% 24
\BOOKMARK [1][]{section.32}{\376\377\000C\000o\000n\000c\000l\000u\000s\000i\000o\000n}{}% 25
